============================= test session starts =============================
platform win32 -- Python 3.10.9, pytest-9.0.2, pluggy-1.6.0 -- C:\Users\funes\OneDrive\Documentos\Dev\voice-ai-mvp\venv\Scripts\python.exe
cachedir: .pytest_cache
rootdir: C:\Users\funes\OneDrive\Documentos\Dev\voice-ai-mvp
plugins: anyio-4.12.0, langsmith-0.4.59, asyncio-1.3.0
asyncio: mode=strict, debug=False, asyncio_default_fixture_loop_scope=None, asyncio_default_test_loop_scope=function
collecting ... collected 4 items

test_performance.py::TestResponseTime::test_text_query_response_under_5_seconds FAILED [ 25%]
test_performance.py::TestResponseTime::test_booking_flow_response_under_8_seconds PASSED [ 50%]
test_performance.py::TestConcurrency::test_10_concurrent_queries PASSED  [ 75%]
test_performance.py::TestConcurrency::test_database_connection_pool PASSED [100%]

================================== FAILURES ===================================
__________ TestResponseTime.test_text_query_response_under_5_seconds __________
test_performance.py:21: in test_text_query_response_under_5_seconds
    assert duration < 5.0, f"Response took {duration}s (target: <5s)"
E   AssertionError: Response took 10.820295095443726s (target: <5s)
E   assert 10.820295095443726 < 5.0
---------------------------- Captured stdout call -----------------------------
======================================================================\n\U0001f680 Voice AI Agent MVP - Configuration Loaded\n======================================================================\n\U0001f4c1 Data Directory: C:\\Users\\funes\\OneDrive\\Documentos\\Dev\\voice-ai-mvp\\data\\documents\n\U0001f5c4\ufe0f  ChromaDB Directory: C:\\Users\\funes\\OneDrive\\Documentos\\Dev\\voice-ai-mvp\\chroma_db\n\U0001f4dd Chunk Size: 1000 chars (overlap: 200)\n\U0001f50d Retrieval: Top 3 results\n\U0001f916 LLM: gpt-4o\n\U0001f3a4 ASR: whisper-1 (it)\n\U0001f50a TTS: tts-1 (voice: alloy)\n======================================================================
---------------------------- Captured stderr call -----------------------------
2025-12-16 09:36:17.444 | INFO     | orchestrator:__init__:701 - Initializing Orchestrator...
2025-12-16 09:36:17.444 | INFO     | orchestrator:create_conversation_graph:656 - Building conversation graph...
2025-12-16 09:36:17.444 | SUCCESS  | orchestrator:create_conversation_graph:680 - Conversation graph built successfully
2025-12-16 09:36:17.464 | SUCCESS  | orchestrator:__init__:706 - Orchestrator ready
2025-12-16 09:36:17.464 | INFO     | orchestrator:process:727 - ======================================================================
2025-12-16 09:36:17.464 | INFO     | orchestrator:process:728 - PROCESSING NEW CONVERSATION TURN
2025-12-16 09:36:17.471 | INFO     | orchestrator:process:729 - ======================================================================
2025-12-16 09:36:17.471 | INFO     | orchestrator:welcome_node:71 - === WELCOME NODE ===
2025-12-16 09:36:17.471 | INFO     | orchestrator:welcome_node:75 - User input: 'Quando scade l'IVA?...'
2025-12-16 09:36:17.472 | INFO     | orchestrator:classify_intent_node:123 - === CLASSIFY INTENT NODE ===
[32m2025-12-16 09:36:18[0m | [1mINFO    [0m | [36mrag_engine[0m:[36m__init__[0m - [1mInitializing RAG Engine...[0m
[32m2025-12-16 09:36:19[0m | [1mINFO    [0m | [36mrag_engine[0m:[36m__init__[0m - [1mConnecting to ChromaDB at: C:\Users\funes\OneDrive\Documentos\Dev\voice-ai-mvp\chroma_db[0m
[32m2025-12-16 09:36:19[0m | [1mINFO    [0m | [36mrag_engine[0m:[36m__init__[0m - [1mAnthropic client initialized with model: gpt-4o[0m
[32m2025-12-16 09:36:19[0m | [1mINFO    [0m | [36mrag_engine[0m:[36m__init__[0m - [1mRAG Engine initialized. Collection has 1708 chunks.[0m
[32m2025-12-16 09:36:21[0m | [32m[1mSUCCESS [0m | [36morchestrator[0m:[36mclassify_intent_node[0m - [32m[1mIntent classified: tax_query (confidence: 1.00)[0m
[32m2025-12-16 09:36:21[0m | [1mINFO    [0m | [36morchestrator[0m:[36mclassify_intent_node[0m - [1mExtracted entities: {'date': None, 'time': None, 'accountant_name': None, 'tax_type': 'IVA'}[0m
[32m2025-12-16 09:36:21[0m | [1mINFO    [0m | [36morchestrator[0m:[36mexecute_action_node[0m - [1m=== EXECUTE ACTION NODE ===[0m
[32m2025-12-16 09:36:21[0m | [1mINFO    [0m | [36morchestrator[0m:[36mexecute_action_node[0m - [1m=== EXECUTE ACTION NODE ===[0m
[32m2025-12-16 09:36:21[0m | [1mINFO    [0m | [36morchestrator[0m:[36mexecute_action_node[0m - [1mExecuting action for intent: tax_query[0m
[32m2025-12-16 09:36:22[0m | [1mINFO    [0m | [36mdatabase[0m:[36mget_database_url[0m - [1mUsing SQLite database: C:\Users\funes\OneDrive\Documentos\Dev\voice-ai-mvp\demo_v2.db[0m
[32m2025-12-16 09:36:22[0m | [1mINFO    [0m | [36mdatabase[0m:[36mcreate_db_engine[0m - [1mConfiguring SQLite engine...[0m
[32m2025-12-16 09:36:22[0m | [32m[1mSUCCESS [0m | [36mdatabase[0m:[36mcreate_db_engine[0m - [32m[1mSQLite engine configured with foreign keys enabled[0m
[32m2025-12-16 09:36:22[0m | [1mINFO    [0m | [36mrag_engine[0m:[36m__init__[0m - [1mInitializing RAG Engine...[0m
[32m2025-12-16 09:36:22[0m | [1mINFO    [0m | [36mrag_engine[0m:[36m__init__[0m - [1mConnecting to ChromaDB at: C:\Users\funes\OneDrive\Documentos\Dev\voice-ai-mvp\chroma_db[0m
[32m2025-12-16 09:36:22[0m | [1mINFO    [0m | [36mrag_engine[0m:[36m__init__[0m - [1mAnthropic client initialized with model: gpt-4o[0m
[32m2025-12-16 09:36:22[0m | [1mINFO    [0m | [36mrag_engine[0m:[36m__init__[0m - [1mRAG Engine initialized. Collection has 1708 chunks.[0m
[32m2025-12-16 09:36:22[0m | [1mINFO    [0m | [36mrag_engine[0m:[36mget_answer[0m - [1mProcessing query: Quando scade l'IVA?...[0m
[32m2025-12-16 09:36:22[0m | [1mINFO    [0m | [36mrag_engine[0m:[36mquery[0m - [1mSearching for: Quando scade l'IVA?...[0m
[32m2025-12-16 09:36:23[0m | [1mINFO    [0m | [36mrag_engine[0m:[36mquery[0m - [1mFound 3 relevant chunks[0m
[32m2025-12-16 09:36:28[0m | [32m[1mSUCCESS [0m | [36mrag_engine[0m:[36mget_answer[0m - [32m[1mAnswer generated using 3 chunks from 3 sources[0m
[32m2025-12-16 09:36:28[0m | [32m[1mSUCCESS [0m | [36morchestrator[0m:[36mexecute_action_node[0m - [32m[1mTax query answered via RAG[0m
[32m2025-12-16 09:36:28[0m | [1mINFO    [0m | [36morchestrator[0m:[36mgenerate_response_node[0m - [1m=== GENERATE RESPONSE NODE ===[0m
[32m2025-12-16 09:36:28[0m | [32m[1mSUCCESS [0m | [36morchestrator[0m:[36mgenerate_response_node[0m - [32m[1mResponse finalized (796 chars)[0m
[32m2025-12-16 09:36:28[0m | [1mINFO    [0m | [36morchestrator[0m:[36mprocess[0m - [1m======================================================================[0m
[32m2025-12-16 09:36:28[0m | [32m[1mSUCCESS [0m | [36morchestrator[0m:[36mprocess[0m - [32m[1mCONVERSATION TURN COMPLETED[0m
[32m2025-12-16 09:36:28[0m | [1mINFO    [0m | [36morchestrator[0m:[36mprocess[0m - [1mIntent: tax_query[0m
[32m2025-12-16 09:36:28[0m | [1mINFO    [0m | [36morchestrator[0m:[36mprocess[0m - [1mAction: tax_query_answered[0m
[32m2025-12-16 09:36:28[0m | [1mINFO    [0m | [36morchestrator[0m:[36mprocess[0m - [1mResponse length: 796 chars[0m
[32m2025-12-16 09:36:28[0m | [1mINFO    [0m | [36morchestrator[0m:[36mprocess[0m - [1m======================================================================[0m
------------------------------ Captured log call ------------------------------
ERROR    chromadb.telemetry.product.posthog:posthog.py:59 Failed to send telemetry event ClientStartEvent: capture() takes 1 positional argument but 3 were given
ERROR    chromadb.telemetry.product.posthog:posthog.py:59 Failed to send telemetry event ClientCreateCollectionEvent: capture() takes 1 positional argument but 3 were given
ERROR    chromadb.telemetry.product.posthog:posthog.py:59 Failed to send telemetry event ClientStartEvent: capture() takes 1 positional argument but 3 were given
ERROR    chromadb.telemetry.product.posthog:posthog.py:59 Failed to send telemetry event ClientCreateCollectionEvent: capture() takes 1 positional argument but 3 were given
WARNING  chromadb.segment.impl.vector.local_persistent_hnsw:local_persistent_hnsw.py:271 Add of existing embedding ID: test_iva_chunk_0
ERROR    chromadb.telemetry.product.posthog:posthog.py:59 Failed to send telemetry event CollectionQueryEvent: capture() takes 1 positional argument but 3 were given
=========================== short test summary info ===========================
FAILED test_performance.py::TestResponseTime::test_text_query_response_under_5_seconds
=================== 1 failed, 3 passed in 86.73s (0:01:26) ====================
